#-----------------------------------------------------------
# Vivado v2015.4 (64-bit)
# SW Build 1412921 on Wed Nov 18 09:44:32 MST 2015
# IP Build 1412160 on Tue Nov 17 13:47:24 MST 2015
# Start of session at: Tue Nov 19 18:12:30 2019
# Process ID: 1539089
# Current directory: /home/hantaoz3/cs233git/OLED
# Command line: vivado .
# Log file: /home/hantaoz3/cs233git/OLED/vivado.log
# Journal file: /home/hantaoz3/cs233git/OLED/vivado.jou
#-----------------------------------------------------------
start_gui
open_project /home/hantaoz3/cs233git/OLED/pmodoledctrl_verilog/PmodOLED_Source/OLED/OLED.xpr
remove_files /home/hantaoz3/cs233git/OLED/c:/Users/jsackos/Desktop/Pmod_Demos/In_Progress/PmodOLED/HDL/Verilog_PmodOLED_Demo_Source/PmodOLED/charLib.coe
update_files -from_files /home/hantaoz3/cs233git/OLED/pmodoledctrl_verilog/PmodOLED_Source/OledEX.sv -to_files /home/hantaoz3/cs233git/OLED/pmodoledctrl_verilog/PmodOLED_Source/OledEX.v -filesets [get_filesets *]
reset_run synth_1
launch_runs impl_1 -jobs 2
wait_on_run impl_1
reset_run synth_1
launch_runs impl_1 -jobs 2
wait_on_run impl_1
reset_run synth_1
launch_runs impl_1 -jobs 2
wait_on_run impl_1
